Archive member included to satisfy reference by file (symbol)

c:/program files (x86)/atmel/studio/7.0/toolchain/avr8/avr8-gnu-toolchain/bin/../lib/gcc/avr/5.4.0/avrxmega2\libgcc.a(_divmodhi4.o)
                              main.o (__divmodhi4)
c:/program files (x86)/atmel/studio/7.0/toolchain/avr8/avr8-gnu-toolchain/bin/../lib/gcc/avr/5.4.0/avrxmega2\libgcc.a(_exit.o)
                              C:/Program Files (x86)/Atmel/Studio/7.0/Packs/atmel/XMEGAE_DFP/1.2.51/gcc/dev/atxmega16e5/avrxmega2/crtatxmega16e5.o (exit)
c:/program files (x86)/atmel/studio/7.0/toolchain/avr8/avr8-gnu-toolchain/bin/../lib/gcc/avr/5.4.0/avrxmega2\libgcc.a(_clear_bss.o)
                              main.o (__do_clear_bss)
c:/program files (x86)/atmel/studio/7.0/toolchain/avr8/avr8-gnu-toolchain/bin/../lib/gcc/avr/5.4.0/avrxmega2\libgcc.a(_ctors.o)
                              main.o (__do_global_ctors)
c:/program files (x86)/atmel/studio/7.0/toolchain/avr8/avr8-gnu-toolchain/bin/../lib/gcc/avr/5.4.0/avrxmega2\libgcc.a(_adddi3_s8.o)
                              main.o (__adddi3_s8)
c:/program files (x86)/atmel/studio/7.0/toolchain/avr8/avr8-gnu-toolchain/bin/../lib/gcc/avr/5.4.0/avrxmega2\libgcc.a(_udivmodhi4.o)
                              c:/program files (x86)/atmel/studio/7.0/toolchain/avr8/avr8-gnu-toolchain/bin/../lib/gcc/avr/5.4.0/avrxmega2\libgcc.a(_divmodhi4.o) (__udivmodhi4)
c:/program files (x86)/atmel/studio/7.0/toolchain/avr8/avr8-gnu-toolchain/bin/../lib/gcc/avr/5.4.0/avrxmega2\libgcc.a(_tablejump2.o)
                              c:/program files (x86)/atmel/studio/7.0/toolchain/avr8/avr8-gnu-toolchain/bin/../lib/gcc/avr/5.4.0/avrxmega2\libgcc.a(_ctors.o) (__tablejump2__)
C:/Program Files (x86)/Atmel/Studio/7.0/Packs/atmel/XMEGAE_DFP/1.2.51/gcc/dev/atxmega16e5/avrxmega2\libatxmega16e5.a(eerd_block.o)
                              main.o (eeprom_read_block)
C:/Program Files (x86)/Atmel/Studio/7.0/Packs/atmel/XMEGAE_DFP/1.2.51/gcc/dev/atxmega16e5/avrxmega2\libatxmega16e5.a(eeupd_block.o)
                              main.o (eeprom_update_block)
C:/Program Files (x86)/Atmel/Studio/7.0/Packs/atmel/XMEGAE_DFP/1.2.51/gcc/dev/atxmega16e5/avrxmega2\libatxmega16e5.a(eeupd_byte.o)
                              C:/Program Files (x86)/Atmel/Studio/7.0/Packs/atmel/XMEGAE_DFP/1.2.51/gcc/dev/atxmega16e5/avrxmega2\libatxmega16e5.a(eeupd_block.o) (eeprom_update_r18)
C:/Program Files (x86)/Atmel/Studio/7.0/Packs/atmel/XMEGAE_DFP/1.2.51/gcc/dev/atxmega16e5/avrxmega2\libatxmega16e5.a(eewr_byte.o)
                              C:/Program Files (x86)/Atmel/Studio/7.0/Packs/atmel/XMEGAE_DFP/1.2.51/gcc/dev/atxmega16e5/avrxmega2\libatxmega16e5.a(eeupd_byte.o) (eeprom_write_r18)
C:/Program Files (x86)/Atmel/Studio/7.0/Packs/atmel/XMEGAE_DFP/1.2.51/gcc/dev/atxmega16e5/avrxmega2\libatxmega16e5.a(eerd_byte.o)
                              C:/Program Files (x86)/Atmel/Studio/7.0/Packs/atmel/XMEGAE_DFP/1.2.51/gcc/dev/atxmega16e5/avrxmega2\libatxmega16e5.a(eeupd_byte.o) (eeprom_mapen)
c:/program files (x86)/atmel/studio/7.0/toolchain/avr8/avr8-gnu-toolchain/bin/../lib/gcc/avr/5.4.0/../../../../avr/lib/avrxmega2\libc.a(memcpy.o)
                              C:/Program Files (x86)/Atmel/Studio/7.0/Packs/atmel/XMEGAE_DFP/1.2.51/gcc/dev/atxmega16e5/avrxmega2\libatxmega16e5.a(eerd_block.o) (memcpy)

Discarded input sections

 .data          0x00000000        0x0 C:/Program Files (x86)/Atmel/Studio/7.0/Packs/atmel/XMEGAE_DFP/1.2.51/gcc/dev/atxmega16e5/avrxmega2/crtatxmega16e5.o
 .bss           0x00000000        0x0 C:/Program Files (x86)/Atmel/Studio/7.0/Packs/atmel/XMEGAE_DFP/1.2.51/gcc/dev/atxmega16e5/avrxmega2/crtatxmega16e5.o
 .group         0x00000000        0x8 main.o
 .text          0x00000000        0x0 main.o
 .data          0x00000000        0x0 main.o
 .bss           0x00000000        0x0 main.o
 .text          0x00000000        0x0 c:/program files (x86)/atmel/studio/7.0/toolchain/avr8/avr8-gnu-toolchain/bin/../lib/gcc/avr/5.4.0/avrxmega2\libgcc.a(_divmodhi4.o)
 .data          0x00000000        0x0 c:/program files (x86)/atmel/studio/7.0/toolchain/avr8/avr8-gnu-toolchain/bin/../lib/gcc/avr/5.4.0/avrxmega2\libgcc.a(_divmodhi4.o)
 .bss           0x00000000        0x0 c:/program files (x86)/atmel/studio/7.0/toolchain/avr8/avr8-gnu-toolchain/bin/../lib/gcc/avr/5.4.0/avrxmega2\libgcc.a(_divmodhi4.o)
 .text.libgcc.mul
                0x00000000        0x0 c:/program files (x86)/atmel/studio/7.0/toolchain/avr8/avr8-gnu-toolchain/bin/../lib/gcc/avr/5.4.0/avrxmega2\libgcc.a(_divmodhi4.o)
 .text.libgcc   0x00000000        0x0 c:/program files (x86)/atmel/studio/7.0/toolchain/avr8/avr8-gnu-toolchain/bin/../lib/gcc/avr/5.4.0/avrxmega2\libgcc.a(_divmodhi4.o)
 .text.libgcc.prologue
                0x00000000        0x0 c:/program files (x86)/atmel/studio/7.0/toolchain/avr8/avr8-gnu-toolchain/bin/../lib/gcc/avr/5.4.0/avrxmega2\libgcc.a(_divmodhi4.o)
 .text.libgcc.builtins
                0x00000000        0x0 c:/program files (x86)/atmel/studio/7.0/toolchain/avr8/avr8-gnu-toolchain/bin/../lib/gcc/avr/5.4.0/avrxmega2\libgcc.a(_divmodhi4.o)
 .text.libgcc.fmul
                0x00000000        0x0 c:/program files (x86)/atmel/studio/7.0/toolchain/avr8/avr8-gnu-toolchain/bin/../lib/gcc/avr/5.4.0/avrxmega2\libgcc.a(_divmodhi4.o)
 .text.libgcc.fixed
                0x00000000        0x0 c:/program files (x86)/atmel/studio/7.0/toolchain/avr8/avr8-gnu-toolchain/bin/../lib/gcc/avr/5.4.0/avrxmega2\libgcc.a(_divmodhi4.o)
 .text          0x00000000        0x0 c:/program files (x86)/atmel/studio/7.0/toolchain/avr8/avr8-gnu-toolchain/bin/../lib/gcc/avr/5.4.0/avrxmega2\libgcc.a(_exit.o)
 .data          0x00000000        0x0 c:/program files (x86)/atmel/studio/7.0/toolchain/avr8/avr8-gnu-toolchain/bin/../lib/gcc/avr/5.4.0/avrxmega2\libgcc.a(_exit.o)
 .bss           0x00000000        0x0 c:/program files (x86)/atmel/studio/7.0/toolchain/avr8/avr8-gnu-toolchain/bin/../lib/gcc/avr/5.4.0/avrxmega2\libgcc.a(_exit.o)
 .text.libgcc.mul
                0x00000000        0x0 c:/program files (x86)/atmel/studio/7.0/toolchain/avr8/avr8-gnu-toolchain/bin/../lib/gcc/avr/5.4.0/avrxmega2\libgcc.a(_exit.o)
 .text.libgcc.div
                0x00000000        0x0 c:/program files (x86)/atmel/studio/7.0/toolchain/avr8/avr8-gnu-toolchain/bin/../lib/gcc/avr/5.4.0/avrxmega2\libgcc.a(_exit.o)
 .text.libgcc   0x00000000        0x0 c:/program files (x86)/atmel/studio/7.0/toolchain/avr8/avr8-gnu-toolchain/bin/../lib/gcc/avr/5.4.0/avrxmega2\libgcc.a(_exit.o)
 .text.libgcc.prologue
                0x00000000        0x0 c:/program files (x86)/atmel/studio/7.0/toolchain/avr8/avr8-gnu-toolchain/bin/../lib/gcc/avr/5.4.0/avrxmega2\libgcc.a(_exit.o)
 .text.libgcc.builtins
                0x00000000        0x0 c:/program files (x86)/atmel/studio/7.0/toolchain/avr8/avr8-gnu-toolchain/bin/../lib/gcc/avr/5.4.0/avrxmega2\libgcc.a(_exit.o)
 .text.libgcc.fmul
                0x00000000        0x0 c:/program files (x86)/atmel/studio/7.0/toolchain/avr8/avr8-gnu-toolchain/bin/../lib/gcc/avr/5.4.0/avrxmega2\libgcc.a(_exit.o)
 .text.libgcc.fixed
                0x00000000        0x0 c:/program files (x86)/atmel/studio/7.0/toolchain/avr8/avr8-gnu-toolchain/bin/../lib/gcc/avr/5.4.0/avrxmega2\libgcc.a(_exit.o)
 .text          0x00000000        0x0 c:/program files (x86)/atmel/studio/7.0/toolchain/avr8/avr8-gnu-toolchain/bin/../lib/gcc/avr/5.4.0/avrxmega2\libgcc.a(_clear_bss.o)
 .data          0x00000000        0x0 c:/program files (x86)/atmel/studio/7.0/toolchain/avr8/avr8-gnu-toolchain/bin/../lib/gcc/avr/5.4.0/avrxmega2\libgcc.a(_clear_bss.o)
 .bss           0x00000000        0x0 c:/program files (x86)/atmel/studio/7.0/toolchain/avr8/avr8-gnu-toolchain/bin/../lib/gcc/avr/5.4.0/avrxmega2\libgcc.a(_clear_bss.o)
 .text.libgcc.mul
                0x00000000        0x0 c:/program files (x86)/atmel/studio/7.0/toolchain/avr8/avr8-gnu-toolchain/bin/../lib/gcc/avr/5.4.0/avrxmega2\libgcc.a(_clear_bss.o)
 .text.libgcc.div
                0x00000000        0x0 c:/program files (x86)/atmel/studio/7.0/toolchain/avr8/avr8-gnu-toolchain/bin/../lib/gcc/avr/5.4.0/avrxmega2\libgcc.a(_clear_bss.o)
 .text.libgcc   0x00000000        0x0 c:/program files (x86)/atmel/studio/7.0/toolchain/avr8/avr8-gnu-toolchain/bin/../lib/gcc/avr/5.4.0/avrxmega2\libgcc.a(_clear_bss.o)
 .text.libgcc.prologue
                0x00000000        0x0 c:/program files (x86)/atmel/studio/7.0/toolchain/avr8/avr8-gnu-toolchain/bin/../lib/gcc/avr/5.4.0/avrxmega2\libgcc.a(_clear_bss.o)
 .text.libgcc.builtins
                0x00000000        0x0 c:/program files (x86)/atmel/studio/7.0/toolchain/avr8/avr8-gnu-toolchain/bin/../lib/gcc/avr/5.4.0/avrxmega2\libgcc.a(_clear_bss.o)
 .text.libgcc.fmul
                0x00000000        0x0 c:/program files (x86)/atmel/studio/7.0/toolchain/avr8/avr8-gnu-toolchain/bin/../lib/gcc/avr/5.4.0/avrxmega2\libgcc.a(_clear_bss.o)
 .text.libgcc.fixed
                0x00000000        0x0 c:/program files (x86)/atmel/studio/7.0/toolchain/avr8/avr8-gnu-toolchain/bin/../lib/gcc/avr/5.4.0/avrxmega2\libgcc.a(_clear_bss.o)
 .text          0x00000000        0x0 c:/program files (x86)/atmel/studio/7.0/toolchain/avr8/avr8-gnu-toolchain/bin/../lib/gcc/avr/5.4.0/avrxmega2\libgcc.a(_ctors.o)
 .data          0x00000000        0x0 c:/program files (x86)/atmel/studio/7.0/toolchain/avr8/avr8-gnu-toolchain/bin/../lib/gcc/avr/5.4.0/avrxmega2\libgcc.a(_ctors.o)
 .bss           0x00000000        0x0 c:/program files (x86)/atmel/studio/7.0/toolchain/avr8/avr8-gnu-toolchain/bin/../lib/gcc/avr/5.4.0/avrxmega2\libgcc.a(_ctors.o)
 .text.libgcc.mul
                0x00000000        0x0 c:/program files (x86)/atmel/studio/7.0/toolchain/avr8/avr8-gnu-toolchain/bin/../lib/gcc/avr/5.4.0/avrxmega2\libgcc.a(_ctors.o)
 .text.libgcc.div
                0x00000000        0x0 c:/program files (x86)/atmel/studio/7.0/toolchain/avr8/avr8-gnu-toolchain/bin/../lib/gcc/avr/5.4.0/avrxmega2\libgcc.a(_ctors.o)
 .text.libgcc   0x00000000        0x0 c:/program files (x86)/atmel/studio/7.0/toolchain/avr8/avr8-gnu-toolchain/bin/../lib/gcc/avr/5.4.0/avrxmega2\libgcc.a(_ctors.o)
 .text.libgcc.prologue
                0x00000000        0x0 c:/program files (x86)/atmel/studio/7.0/toolchain/avr8/avr8-gnu-toolchain/bin/../lib/gcc/avr/5.4.0/avrxmega2\libgcc.a(_ctors.o)
 .text.libgcc.builtins
                0x00000000        0x0 c:/program files (x86)/atmel/studio/7.0/toolchain/avr8/avr8-gnu-toolchain/bin/../lib/gcc/avr/5.4.0/avrxmega2\libgcc.a(_ctors.o)
 .text.libgcc.fmul
                0x00000000        0x0 c:/program files (x86)/atmel/studio/7.0/toolchain/avr8/avr8-gnu-toolchain/bin/../lib/gcc/avr/5.4.0/avrxmega2\libgcc.a(_ctors.o)
 .text.libgcc.fixed
                0x00000000        0x0 c:/program files (x86)/atmel/studio/7.0/toolchain/avr8/avr8-gnu-toolchain/bin/../lib/gcc/avr/5.4.0/avrxmega2\libgcc.a(_ctors.o)
 .text          0x00000000        0x0 c:/program files (x86)/atmel/studio/7.0/toolchain/avr8/avr8-gnu-toolchain/bin/../lib/gcc/avr/5.4.0/avrxmega2\libgcc.a(_adddi3_s8.o)
 .data          0x00000000        0x0 c:/program files (x86)/atmel/studio/7.0/toolchain/avr8/avr8-gnu-toolchain/bin/../lib/gcc/avr/5.4.0/avrxmega2\libgcc.a(_adddi3_s8.o)
 .bss           0x00000000        0x0 c:/program files (x86)/atmel/studio/7.0/toolchain/avr8/avr8-gnu-toolchain/bin/../lib/gcc/avr/5.4.0/avrxmega2\libgcc.a(_adddi3_s8.o)
 .text.libgcc.mul
                0x00000000        0x0 c:/program files (x86)/atmel/studio/7.0/toolchain/avr8/avr8-gnu-toolchain/bin/../lib/gcc/avr/5.4.0/avrxmega2\libgcc.a(_adddi3_s8.o)
 .text.libgcc.div
                0x00000000        0x0 c:/program files (x86)/atmel/studio/7.0/toolchain/avr8/avr8-gnu-toolchain/bin/../lib/gcc/avr/5.4.0/avrxmega2\libgcc.a(_adddi3_s8.o)
 .text.libgcc.prologue
                0x00000000        0x0 c:/program files (x86)/atmel/studio/7.0/toolchain/avr8/avr8-gnu-toolchain/bin/../lib/gcc/avr/5.4.0/avrxmega2\libgcc.a(_adddi3_s8.o)
 .text.libgcc.builtins
                0x00000000        0x0 c:/program files (x86)/atmel/studio/7.0/toolchain/avr8/avr8-gnu-toolchain/bin/../lib/gcc/avr/5.4.0/avrxmega2\libgcc.a(_adddi3_s8.o)
 .text.libgcc.fmul
                0x00000000        0x0 c:/program files (x86)/atmel/studio/7.0/toolchain/avr8/avr8-gnu-toolchain/bin/../lib/gcc/avr/5.4.0/avrxmega2\libgcc.a(_adddi3_s8.o)
 .text.libgcc.fixed
                0x00000000        0x0 c:/program files (x86)/atmel/studio/7.0/toolchain/avr8/avr8-gnu-toolchain/bin/../lib/gcc/avr/5.4.0/avrxmega2\libgcc.a(_adddi3_s8.o)
 .text          0x00000000        0x0 c:/program files (x86)/atmel/studio/7.0/toolchain/avr8/avr8-gnu-toolchain/bin/../lib/gcc/avr/5.4.0/avrxmega2\libgcc.a(_udivmodhi4.o)
 .data          0x00000000        0x0 c:/program files (x86)/atmel/studio/7.0/toolchain/avr8/avr8-gnu-toolchain/bin/../lib/gcc/avr/5.4.0/avrxmega2\libgcc.a(_udivmodhi4.o)
 .bss           0x00000000        0x0 c:/program files (x86)/atmel/studio/7.0/toolchain/avr8/avr8-gnu-toolchain/bin/../lib/gcc/avr/5.4.0/avrxmega2\libgcc.a(_udivmodhi4.o)
 .text.libgcc.mul
                0x00000000        0x0 c:/program files (x86)/atmel/studio/7.0/toolchain/avr8/avr8-gnu-toolchain/bin/../lib/gcc/avr/5.4.0/avrxmega2\libgcc.a(_udivmodhi4.o)
 .text.libgcc   0x00000000        0x0 c:/program files (x86)/atmel/studio/7.0/toolchain/avr8/avr8-gnu-toolchain/bin/../lib/gcc/avr/5.4.0/avrxmega2\libgcc.a(_udivmodhi4.o)
 .text.libgcc.prologue
                0x00000000        0x0 c:/program files (x86)/atmel/studio/7.0/toolchain/avr8/avr8-gnu-toolchain/bin/../lib/gcc/avr/5.4.0/avrxmega2\libgcc.a(_udivmodhi4.o)
 .text.libgcc.builtins
                0x00000000        0x0 c:/program files (x86)/atmel/studio/7.0/toolchain/avr8/avr8-gnu-toolchain/bin/../lib/gcc/avr/5.4.0/avrxmega2\libgcc.a(_udivmodhi4.o)
 .text.libgcc.fmul
                0x00000000        0x0 c:/program files (x86)/atmel/studio/7.0/toolchain/avr8/avr8-gnu-toolchain/bin/../lib/gcc/avr/5.4.0/avrxmega2\libgcc.a(_udivmodhi4.o)
 .text.libgcc.fixed
                0x00000000        0x0 c:/program files (x86)/atmel/studio/7.0/toolchain/avr8/avr8-gnu-toolchain/bin/../lib/gcc/avr/5.4.0/avrxmega2\libgcc.a(_udivmodhi4.o)
 .text          0x00000000        0x0 c:/program files (x86)/atmel/studio/7.0/toolchain/avr8/avr8-gnu-toolchain/bin/../lib/gcc/avr/5.4.0/avrxmega2\libgcc.a(_tablejump2.o)
 .data          0x00000000        0x0 c:/program files (x86)/atmel/studio/7.0/toolchain/avr8/avr8-gnu-toolchain/bin/../lib/gcc/avr/5.4.0/avrxmega2\libgcc.a(_tablejump2.o)
 .bss           0x00000000        0x0 c:/program files (x86)/atmel/studio/7.0/toolchain/avr8/avr8-gnu-toolchain/bin/../lib/gcc/avr/5.4.0/avrxmega2\libgcc.a(_tablejump2.o)
 .text.libgcc.mul
                0x00000000        0x0 c:/program files (x86)/atmel/studio/7.0/toolchain/avr8/avr8-gnu-toolchain/bin/../lib/gcc/avr/5.4.0/avrxmega2\libgcc.a(_tablejump2.o)
 .text.libgcc.div
                0x00000000        0x0 c:/program files (x86)/atmel/studio/7.0/toolchain/avr8/avr8-gnu-toolchain/bin/../lib/gcc/avr/5.4.0/avrxmega2\libgcc.a(_tablejump2.o)
 .text.libgcc.prologue
                0x00000000        0x0 c:/program files (x86)/atmel/studio/7.0/toolchain/avr8/avr8-gnu-toolchain/bin/../lib/gcc/avr/5.4.0/avrxmega2\libgcc.a(_tablejump2.o)
 .text.libgcc.builtins
                0x00000000        0x0 c:/program files (x86)/atmel/studio/7.0/toolchain/avr8/avr8-gnu-toolchain/bin/../lib/gcc/avr/5.4.0/avrxmega2\libgcc.a(_tablejump2.o)
 .text.libgcc.fmul
                0x00000000        0x0 c:/program files (x86)/atmel/studio/7.0/toolchain/avr8/avr8-gnu-toolchain/bin/../lib/gcc/avr/5.4.0/avrxmega2\libgcc.a(_tablejump2.o)
 .text.libgcc.fixed
                0x00000000        0x0 c:/program files (x86)/atmel/studio/7.0/toolchain/avr8/avr8-gnu-toolchain/bin/../lib/gcc/avr/5.4.0/avrxmega2\libgcc.a(_tablejump2.o)
 .text          0x00000000        0x0 C:/Program Files (x86)/Atmel/Studio/7.0/Packs/atmel/XMEGAE_DFP/1.2.51/gcc/dev/atxmega16e5/avrxmega2\libatxmega16e5.a(eerd_block.o)
 .data          0x00000000        0x0 C:/Program Files (x86)/Atmel/Studio/7.0/Packs/atmel/XMEGAE_DFP/1.2.51/gcc/dev/atxmega16e5/avrxmega2\libatxmega16e5.a(eerd_block.o)
 .bss           0x00000000        0x0 C:/Program Files (x86)/Atmel/Studio/7.0/Packs/atmel/XMEGAE_DFP/1.2.51/gcc/dev/atxmega16e5/avrxmega2\libatxmega16e5.a(eerd_block.o)
 .text          0x00000000        0x0 C:/Program Files (x86)/Atmel/Studio/7.0/Packs/atmel/XMEGAE_DFP/1.2.51/gcc/dev/atxmega16e5/avrxmega2\libatxmega16e5.a(eeupd_block.o)
 .data          0x00000000        0x0 C:/Program Files (x86)/Atmel/Studio/7.0/Packs/atmel/XMEGAE_DFP/1.2.51/gcc/dev/atxmega16e5/avrxmega2\libatxmega16e5.a(eeupd_block.o)
 .bss           0x00000000        0x0 C:/Program Files (x86)/Atmel/Studio/7.0/Packs/atmel/XMEGAE_DFP/1.2.51/gcc/dev/atxmega16e5/avrxmega2\libatxmega16e5.a(eeupd_block.o)
 .text          0x00000000        0x0 C:/Program Files (x86)/Atmel/Studio/7.0/Packs/atmel/XMEGAE_DFP/1.2.51/gcc/dev/atxmega16e5/avrxmega2\libatxmega16e5.a(eeupd_byte.o)
 .data          0x00000000        0x0 C:/Program Files (x86)/Atmel/Studio/7.0/Packs/atmel/XMEGAE_DFP/1.2.51/gcc/dev/atxmega16e5/avrxmega2\libatxmega16e5.a(eeupd_byte.o)
 .bss           0x00000000        0x0 C:/Program Files (x86)/Atmel/Studio/7.0/Packs/atmel/XMEGAE_DFP/1.2.51/gcc/dev/atxmega16e5/avrxmega2\libatxmega16e5.a(eeupd_byte.o)
 .text          0x00000000        0x0 C:/Program Files (x86)/Atmel/Studio/7.0/Packs/atmel/XMEGAE_DFP/1.2.51/gcc/dev/atxmega16e5/avrxmega2\libatxmega16e5.a(eewr_byte.o)
 .data          0x00000000        0x0 C:/Program Files (x86)/Atmel/Studio/7.0/Packs/atmel/XMEGAE_DFP/1.2.51/gcc/dev/atxmega16e5/avrxmega2\libatxmega16e5.a(eewr_byte.o)
 .bss           0x00000000        0x0 C:/Program Files (x86)/Atmel/Studio/7.0/Packs/atmel/XMEGAE_DFP/1.2.51/gcc/dev/atxmega16e5/avrxmega2\libatxmega16e5.a(eewr_byte.o)
 .text          0x00000000        0x0 C:/Program Files (x86)/Atmel/Studio/7.0/Packs/atmel/XMEGAE_DFP/1.2.51/gcc/dev/atxmega16e5/avrxmega2\libatxmega16e5.a(eerd_byte.o)
 .data          0x00000000        0x0 C:/Program Files (x86)/Atmel/Studio/7.0/Packs/atmel/XMEGAE_DFP/1.2.51/gcc/dev/atxmega16e5/avrxmega2\libatxmega16e5.a(eerd_byte.o)
 .bss           0x00000000        0x0 C:/Program Files (x86)/Atmel/Studio/7.0/Packs/atmel/XMEGAE_DFP/1.2.51/gcc/dev/atxmega16e5/avrxmega2\libatxmega16e5.a(eerd_byte.o)
 .text          0x00000000        0x0 c:/program files (x86)/atmel/studio/7.0/toolchain/avr8/avr8-gnu-toolchain/bin/../lib/gcc/avr/5.4.0/../../../../avr/lib/avrxmega2\libc.a(memcpy.o)
 .data          0x00000000        0x0 c:/program files (x86)/atmel/studio/7.0/toolchain/avr8/avr8-gnu-toolchain/bin/../lib/gcc/avr/5.4.0/../../../../avr/lib/avrxmega2\libc.a(memcpy.o)
 .bss           0x00000000        0x0 c:/program files (x86)/atmel/studio/7.0/toolchain/avr8/avr8-gnu-toolchain/bin/../lib/gcc/avr/5.4.0/../../../../avr/lib/avrxmega2\libc.a(memcpy.o)

Memory Configuration

Name             Origin             Length             Attributes
text             0x00000000         0x00100000         xr
data             0x00802000         0x0000ffa0         rw !x
eeprom           0x00810000         0x00010000         rw !x
fuse             0x00820000         0x00000007         rw !x
lock             0x00830000         0x00000400         rw !x
signature        0x00840000         0x00000400         rw !x
user_signatures  0x00850000         0x00000400         rw !x
*default*        0x00000000         0xffffffff

Linker script and memory map

LOAD C:/Program Files (x86)/Atmel/Studio/7.0/Packs/atmel/XMEGAE_DFP/1.2.51/gcc/dev/atxmega16e5/avrxmega2/crtatxmega16e5.o
LOAD main.o
START GROUP
LOAD c:/program files (x86)/atmel/studio/7.0/toolchain/avr8/avr8-gnu-toolchain/bin/../lib/gcc/avr/5.4.0/../../../../avr/lib/avrxmega2\libm.a
END GROUP
LOAD c:/program files (x86)/atmel/studio/7.0/toolchain/avr8/avr8-gnu-toolchain/bin/../lib/gcc/avr/5.4.0/avrxmega2\libgcc.a
LOAD c:/program files (x86)/atmel/studio/7.0/toolchain/avr8/avr8-gnu-toolchain/bin/../lib/gcc/avr/5.4.0/../../../../avr/lib/avrxmega2\libm.a
START GROUP
LOAD c:/program files (x86)/atmel/studio/7.0/toolchain/avr8/avr8-gnu-toolchain/bin/../lib/gcc/avr/5.4.0/avrxmega2\libgcc.a
LOAD c:/program files (x86)/atmel/studio/7.0/toolchain/avr8/avr8-gnu-toolchain/bin/../lib/gcc/avr/5.4.0/../../../../avr/lib/avrxmega2\libm.a
LOAD c:/program files (x86)/atmel/studio/7.0/toolchain/avr8/avr8-gnu-toolchain/bin/../lib/gcc/avr/5.4.0/../../../../avr/lib/avrxmega2\libc.a
LOAD C:/Program Files (x86)/Atmel/Studio/7.0/Packs/atmel/XMEGAE_DFP/1.2.51/gcc/dev/atxmega16e5/avrxmega2\libatxmega16e5.a
END GROUP
                0x00100000                __TEXT_REGION_LENGTH__ = DEFINED (__TEXT_REGION_LENGTH__)?__TEXT_REGION_LENGTH__:0x100000
                0x0000ffa0                __DATA_REGION_LENGTH__ = DEFINED (__DATA_REGION_LENGTH__)?__DATA_REGION_LENGTH__:0xffa0
                0x00010000                __EEPROM_REGION_LENGTH__ = DEFINED (__EEPROM_REGION_LENGTH__)?__EEPROM_REGION_LENGTH__:0x10000
                [0x00000007]                __FUSE_REGION_LENGTH__ = DEFINED (__FUSE_REGION_LENGTH__)?__FUSE_REGION_LENGTH__:0x400
                0x00000400                __LOCK_REGION_LENGTH__ = DEFINED (__LOCK_REGION_LENGTH__)?__LOCK_REGION_LENGTH__:0x400
                0x00000400                __SIGNATURE_REGION_LENGTH__ = DEFINED (__SIGNATURE_REGION_LENGTH__)?__SIGNATURE_REGION_LENGTH__:0x400
                0x00000400                __USER_SIGNATURE_REGION_LENGTH__ = DEFINED (__USER_SIGNATURE_REGION_LENGTH__)?__USER_SIGNATURE_REGION_LENGTH__:0x400

.hash
 *(.hash)

.dynsym
 *(.dynsym)

.dynstr
 *(.dynstr)

.gnu.version
 *(.gnu.version)

.gnu.version_d
 *(.gnu.version_d)

.gnu.version_r
 *(.gnu.version_r)

.rel.init
 *(.rel.init)

.rela.init
 *(.rela.init)

.rel.text
 *(.rel.text)
 *(.rel.text.*)
 *(.rel.gnu.linkonce.t*)

.rela.text
 *(.rela.text)
 *(.rela.text.*)
 *(.rela.gnu.linkonce.t*)

.rel.fini
 *(.rel.fini)

.rela.fini
 *(.rela.fini)

.rel.rodata
 *(.rel.rodata)
 *(.rel.rodata.*)
 *(.rel.gnu.linkonce.r*)

.rela.rodata
 *(.rela.rodata)
 *(.rela.rodata.*)
 *(.rela.gnu.linkonce.r*)

.rel.data
 *(.rel.data)
 *(.rel.data.*)
 *(.rel.gnu.linkonce.d*)

.rela.data
 *(.rela.data)
 *(.rela.data.*)
 *(.rela.gnu.linkonce.d*)

.rel.ctors
 *(.rel.ctors)

.rela.ctors
 *(.rela.ctors)

.rel.dtors
 *(.rel.dtors)

.rela.dtors
 *(.rela.dtors)

.rel.got
 *(.rel.got)

.rela.got
 *(.rela.got)

.rel.bss
 *(.rel.bss)

.rela.bss
 *(.rela.bss)

.rel.plt
 *(.rel.plt)

.rela.plt
 *(.rela.plt)

.text           0x00000000     0x13d2
 *(.vectors)
 .vectors       0x00000000       0xac C:/Program Files (x86)/Atmel/Studio/7.0/Packs/atmel/XMEGAE_DFP/1.2.51/gcc/dev/atxmega16e5/avrxmega2/crtatxmega16e5.o
                0x00000000                __vector_default
                0x00000000                __vectors
 *(.vectors)
 *(.progmem.gcc*)
                0x000000ac                . = ALIGN (0x2)
                0x000000ac                __trampolines_start = .
 *(.trampolines)
 .trampolines   0x000000ac        0x0 linker stubs
 *(.trampolines*)
                0x000000ac                __trampolines_end = .
 *libprintf_flt.a:*(.progmem.data)
 *libc.a:*(.progmem.data)
 *(.progmem*)
                0x000000ac                . = ALIGN (0x2)
 *(.jumptables)
 *(.jumptables*)
 *(.lowtext)
 *(.lowtext*)
                0x000000ac                __ctors_start = .
 *(.ctors)
 .ctors         0x000000ac        0x2 main.o
                0x000000ae                __ctors_end = .
                0x000000ae                __dtors_start = .
 *(.dtors)
                0x000000ae                __dtors_end = .
 SORT(*)(.ctors)
 SORT(*)(.dtors)
 *(.init0)
 .init0         0x000000ae        0x0 C:/Program Files (x86)/Atmel/Studio/7.0/Packs/atmel/XMEGAE_DFP/1.2.51/gcc/dev/atxmega16e5/avrxmega2/crtatxmega16e5.o
                0x000000ae                __init
 *(.init0)
 *(.init1)
 *(.init1)
 *(.init2)
 .init2         0x000000ae        0xc C:/Program Files (x86)/Atmel/Studio/7.0/Packs/atmel/XMEGAE_DFP/1.2.51/gcc/dev/atxmega16e5/avrxmega2/crtatxmega16e5.o
 *(.init2)
 *(.init3)
 *(.init3)
 *(.init4)
 .init4         0x000000ba       0x10 c:/program files (x86)/atmel/studio/7.0/toolchain/avr8/avr8-gnu-toolchain/bin/../lib/gcc/avr/5.4.0/avrxmega2\libgcc.a(_clear_bss.o)
                0x000000ba                __do_clear_bss
 *(.init4)
 *(.init5)
 *(.init5)
 *(.init6)
 .init6         0x000000ca       0x16 c:/program files (x86)/atmel/studio/7.0/toolchain/avr8/avr8-gnu-toolchain/bin/../lib/gcc/avr/5.4.0/avrxmega2\libgcc.a(_ctors.o)
                0x000000ca                __do_global_ctors
 *(.init6)
 *(.init7)
 *(.init7)
 *(.init8)
 *(.init8)
 *(.init9)
 .init9         0x000000e0        0x8 C:/Program Files (x86)/Atmel/Studio/7.0/Packs/atmel/XMEGAE_DFP/1.2.51/gcc/dev/atxmega16e5/avrxmega2/crtatxmega16e5.o
 *(.init9)
 *(.text)
 .text          0x000000e8        0x4 C:/Program Files (x86)/Atmel/Studio/7.0/Packs/atmel/XMEGAE_DFP/1.2.51/gcc/dev/atxmega16e5/avrxmega2/crtatxmega16e5.o
                0x000000e8                __vector_38
                0x000000e8                __vector_22
                0x000000e8                __vector_28
                0x000000e8                __vector_1
                0x000000e8                __vector_32
                0x000000e8                __vector_24
                0x000000e8                __vector_12
                0x000000e8                __bad_interrupt
                0x000000e8                __vector_6
                0x000000e8                __vector_31
                0x000000e8                __vector_35
                0x000000e8                __vector_39
                0x000000e8                __vector_3
                0x000000e8                __vector_30
                0x000000e8                __vector_25
                0x000000e8                __vector_11
                0x000000e8                __vector_13
                0x000000e8                __vector_17
                0x000000e8                __vector_19
                0x000000e8                __vector_41
                0x000000e8                __vector_27
                0x000000e8                __vector_5
                0x000000e8                __vector_33
                0x000000e8                __vector_37
                0x000000e8                __vector_9
                0x000000e8                __vector_2
                0x000000e8                __vector_21
                0x000000e8                __vector_15
                0x000000e8                __vector_36
                0x000000e8                __vector_29
                0x000000e8                __vector_40
                0x000000e8                __vector_8
                0x000000e8                __vector_26
                0x000000e8                __vector_14
                0x000000e8                __vector_10
                0x000000e8                __vector_16
                0x000000e8                __vector_18
                0x000000e8                __vector_20
                0x000000e8                __vector_42
                0x000000ec                . = ALIGN (0x2)
 *(.text.*)
 .text._Z14CalculateCRC16Pvh
                0x000000ec       0x30 main.o
                0x000000ec                _Z14CalculateCRC16Pvh
 .text._Z11ApplyConfigv
                0x0000011c      0x242 main.o
                0x0000011c                _Z11ApplyConfigv
 .text.__vector_7
                0x0000035e      0x71e main.o
                0x0000035e                __vector_7
 .text.__vector_34
                0x00000a7c      0x4c8 main.o
                0x00000a7c                __vector_34
 .text.__vector_23
                0x00000f44      0x18c main.o
                0x00000f44                __vector_23
 .text.__vector_4
                0x000010d0       0x22 main.o
                0x000010d0                __vector_4
 .text._Z7mcuInitv
                0x000010f2      0x134 main.o
                0x000010f2                _Z7mcuInitv
 .text.main     0x00001226       0x3e main.o
                0x00001226                main
 .text._GLOBAL__sub_I_gLevels
                0x00001264       0x6a main.o
 .text.libgcc.div
                0x000012ce       0x28 c:/program files (x86)/atmel/studio/7.0/toolchain/avr8/avr8-gnu-toolchain/bin/../lib/gcc/avr/5.4.0/avrxmega2\libgcc.a(_divmodhi4.o)
                0x000012ce                _div
                0x000012ce                __divmodhi4
 .text.libgcc   0x000012f6       0x18 c:/program files (x86)/atmel/studio/7.0/toolchain/avr8/avr8-gnu-toolchain/bin/../lib/gcc/avr/5.4.0/avrxmega2\libgcc.a(_adddi3_s8.o)
                0x000012f6                __adddi3_s8
 .text.libgcc.div
                0x0000130e       0x28 c:/program files (x86)/atmel/studio/7.0/toolchain/avr8/avr8-gnu-toolchain/bin/../lib/gcc/avr/5.4.0/avrxmega2\libgcc.a(_udivmodhi4.o)
                0x0000130e                __udivmodhi4
 .text.libgcc   0x00001336        0xc c:/program files (x86)/atmel/studio/7.0/toolchain/avr8/avr8-gnu-toolchain/bin/../lib/gcc/avr/5.4.0/avrxmega2\libgcc.a(_tablejump2.o)
                0x00001336                __tablejump2__
 .text.avr-libc
                0x00001342        0x8 C:/Program Files (x86)/Atmel/Studio/7.0/Packs/atmel/XMEGAE_DFP/1.2.51/gcc/dev/atxmega16e5/avrxmega2\libatxmega16e5.a(eerd_block.o)
                0x00001342                eeprom_read_block
 .text.avr-libc
                0x0000134a       0x20 C:/Program Files (x86)/Atmel/Studio/7.0/Packs/atmel/XMEGAE_DFP/1.2.51/gcc/dev/atxmega16e5/avrxmega2\libatxmega16e5.a(eeupd_block.o)
                0x0000134a                eeprom_update_block
 .text.avr-libc
                0x0000136a       0x16 C:/Program Files (x86)/Atmel/Studio/7.0/Packs/atmel/XMEGAE_DFP/1.2.51/gcc/dev/atxmega16e5/avrxmega2\libatxmega16e5.a(eeupd_byte.o)
                0x0000136a                eeprom_update_byte
                0x0000136c                eeprom_update_r18
 .text.avr-libc
                0x00001380       0x2c C:/Program Files (x86)/Atmel/Studio/7.0/Packs/atmel/XMEGAE_DFP/1.2.51/gcc/dev/atxmega16e5/avrxmega2\libatxmega16e5.a(eewr_byte.o)
                0x00001380                eeprom_write_byte
                0x00001382                eeprom_write_r18
 .text.avr-libc
                0x000013ac       0x10 C:/Program Files (x86)/Atmel/Studio/7.0/Packs/atmel/XMEGAE_DFP/1.2.51/gcc/dev/atxmega16e5/avrxmega2\libatxmega16e5.a(eerd_byte.o)
                0x000013ac                eeprom_read_byte
                0x000013b4                eeprom_mapen
 .text.avr-libc
                0x000013bc       0x12 c:/program files (x86)/atmel/studio/7.0/toolchain/avr8/avr8-gnu-toolchain/bin/../lib/gcc/avr/5.4.0/../../../../avr/lib/avrxmega2\libc.a(memcpy.o)
                0x000013bc                memcpy
                0x000013ce                . = ALIGN (0x2)
 *(.fini9)
 .fini9         0x000013ce        0x0 c:/program files (x86)/atmel/studio/7.0/toolchain/avr8/avr8-gnu-toolchain/bin/../lib/gcc/avr/5.4.0/avrxmega2\libgcc.a(_exit.o)
                0x000013ce                _exit
                0x000013ce                exit
 *(.fini9)
 *(.fini8)
 *(.fini8)
 *(.fini7)
 *(.fini7)
 *(.fini6)
 *(.fini6)
 *(.fini5)
 *(.fini5)
 *(.fini4)
 *(.fini4)
 *(.fini3)
 *(.fini3)
 *(.fini2)
 *(.fini2)
 *(.fini1)
 *(.fini1)
 *(.fini0)
 .fini0         0x000013ce        0x4 c:/program files (x86)/atmel/studio/7.0/toolchain/avr8/avr8-gnu-toolchain/bin/../lib/gcc/avr/5.4.0/avrxmega2\libgcc.a(_exit.o)
 *(.fini0)
                0x000013d2                _etext = .

.data           0x00802000        0x0 load address 0x000013d2
                [!provide]                PROVIDE (__data_start, .)
 *(.data)
 *(.data*)
 *(.gnu.linkonce.d*)
 *(.rodata)
 *(.rodata*)
 *(.gnu.linkonce.r*)
                0x00802000                . = ALIGN (0x2)
                0x00802000                _edata = .
                [!provide]                PROVIDE (__data_end, .)

.bss            0x00802000      0x16a
                0x00802000                PROVIDE (__bss_start, .)
 *(.bss)
 *(.bss*)
 .bss._ZZ11__vector_23E5rxBuf
                0x00802000        0x2 main.o
 .bss._ZZ11__vector_23E4uCnt
                0x00802002        0x1 main.o
 .bss._ZZ11__vector_34E7sAdcCnt
                0x00802003        0x1 main.o
 .bss._ZZ10__vector_7E9rs485busy
                0x00802004        0x1 main.o
 .bss.msenCh    0x00802005        0xe main.o
                0x00802005                msenCh
 .bss.links     0x00802013       0x88 main.o
                0x00802013                links
 .bss.iobuf     0x0080209b       0x38 main.o
                0x0080209b                iobuf
 .bss.channelOT
                0x008020d3       0x38 main.o
                0x008020d3                channelOT
 .bss.sysState  0x0080210b       0x18 main.o
                0x0080210b                sysState
 .bss.validConf
                0x00802123       0x21 main.o
                0x00802123                validConf
 .bss.DSI8xFrames
                0x00802144       0x12 main.o
                0x00802144                DSI8xFrames
 .bss.rxMode    0x00802156        0x1 main.o
                0x00802156                rxMode
 .bss.gLevelChg
                0x00802157        0x1 main.o
                0x00802157                gLevelChg
 .bss.gLevels   0x00802158       0x12 main.o
                0x00802158                gLevels
 *(COMMON)
                0x0080216a                PROVIDE (__bss_end, .)
                0x000013d2                __data_load_start = LOADADDR (.data)
                0x000013d2                __data_load_end = (__data_load_start + SIZEOF (.data))

.noinit         0x0080216a        0x0
                [!provide]                PROVIDE (__noinit_start, .)
 *(.noinit*)
                [!provide]                PROVIDE (__noinit_end, .)
                0x0080216a                _end = .
                [!provide]                PROVIDE (__heap_start, .)

.eeprom         0x00810000       0x59
 *(.eeprom*)
 .eeprom        0x00810000       0x59 main.o
                0x00810000                savedConfig
                0x00810021                savedCOT
                0x00810059                __eeprom_end = .

.fuse
 *(.fuse)
 *(.lfuse)
 *(.hfuse)
 *(.efuse)

.lock
 *(.lock*)

.signature
 *(.signature*)

.user_signatures
 *(.user_signatures*)

.stab
 *(.stab)

.stabstr
 *(.stabstr)

.stab.excl
 *(.stab.excl)

.stab.exclstr
 *(.stab.exclstr)

.stab.index
 *(.stab.index)

.stab.indexstr
 *(.stab.indexstr)

.comment        0x00000000       0x30
 *(.comment)
 .comment       0x00000000       0x30 main.o
                                 0x31 (size before relaxing)

.note.gnu.avr.deviceinfo
                0x00000000       0x40
 .note.gnu.avr.deviceinfo
                0x00000000       0x40 C:/Program Files (x86)/Atmel/Studio/7.0/Packs/atmel/XMEGAE_DFP/1.2.51/gcc/dev/atxmega16e5/avrxmega2/crtatxmega16e5.o

.note.gnu.build-id
 *(.note.gnu.build-id)

.debug
 *(.debug)

.line
 *(.line)

.debug_srcinfo
 *(.debug_srcinfo)

.debug_sfnames
 *(.debug_sfnames)

.debug_aranges  0x00000000      0x100
 *(.debug_aranges)
 .debug_aranges
                0x00000000       0x60 main.o
 .debug_aranges
                0x00000060       0x20 C:/Program Files (x86)/Atmel/Studio/7.0/Packs/atmel/XMEGAE_DFP/1.2.51/gcc/dev/atxmega16e5/avrxmega2\libatxmega16e5.a(eerd_block.o)
 .debug_aranges
                0x00000080       0x20 C:/Program Files (x86)/Atmel/Studio/7.0/Packs/atmel/XMEGAE_DFP/1.2.51/gcc/dev/atxmega16e5/avrxmega2\libatxmega16e5.a(eeupd_block.o)
 .debug_aranges
                0x000000a0       0x20 C:/Program Files (x86)/Atmel/Studio/7.0/Packs/atmel/XMEGAE_DFP/1.2.51/gcc/dev/atxmega16e5/avrxmega2\libatxmega16e5.a(eeupd_byte.o)
 .debug_aranges
                0x000000c0       0x20 C:/Program Files (x86)/Atmel/Studio/7.0/Packs/atmel/XMEGAE_DFP/1.2.51/gcc/dev/atxmega16e5/avrxmega2\libatxmega16e5.a(eewr_byte.o)
 .debug_aranges
                0x000000e0       0x20 C:/Program Files (x86)/Atmel/Studio/7.0/Packs/atmel/XMEGAE_DFP/1.2.51/gcc/dev/atxmega16e5/avrxmega2\libatxmega16e5.a(eerd_byte.o)

.debug_pubnames
 *(.debug_pubnames)

.debug_info     0x00000000     0x5086
 *(.debug_info .gnu.linkonce.wi.*)
 .debug_info    0x00000000     0x1bea C:/Program Files (x86)/Atmel/Studio/7.0/Packs/atmel/XMEGAE_DFP/1.2.51/gcc/dev/atxmega16e5/avrxmega2/crtatxmega16e5.o
 .debug_info    0x00001bea     0x311e main.o
 .debug_info    0x00004d08       0xb3 C:/Program Files (x86)/Atmel/Studio/7.0/Packs/atmel/XMEGAE_DFP/1.2.51/gcc/dev/atxmega16e5/avrxmega2\libatxmega16e5.a(eerd_block.o)
 .debug_info    0x00004dbb       0xb4 C:/Program Files (x86)/Atmel/Studio/7.0/Packs/atmel/XMEGAE_DFP/1.2.51/gcc/dev/atxmega16e5/avrxmega2\libatxmega16e5.a(eeupd_block.o)
 .debug_info    0x00004e6f       0xb3 C:/Program Files (x86)/Atmel/Studio/7.0/Packs/atmel/XMEGAE_DFP/1.2.51/gcc/dev/atxmega16e5/avrxmega2\libatxmega16e5.a(eeupd_byte.o)
 .debug_info    0x00004f22       0xb2 C:/Program Files (x86)/Atmel/Studio/7.0/Packs/atmel/XMEGAE_DFP/1.2.51/gcc/dev/atxmega16e5/avrxmega2\libatxmega16e5.a(eewr_byte.o)
 .debug_info    0x00004fd4       0xb2 C:/Program Files (x86)/Atmel/Studio/7.0/Packs/atmel/XMEGAE_DFP/1.2.51/gcc/dev/atxmega16e5/avrxmega2\libatxmega16e5.a(eerd_byte.o)

.debug_abbrev   0x00000000     0x1f4a
 *(.debug_abbrev)
 .debug_abbrev  0x00000000     0x1a6e C:/Program Files (x86)/Atmel/Studio/7.0/Packs/atmel/XMEGAE_DFP/1.2.51/gcc/dev/atxmega16e5/avrxmega2/crtatxmega16e5.o
 .debug_abbrev  0x00001a6e      0x478 main.o
 .debug_abbrev  0x00001ee6       0x14 C:/Program Files (x86)/Atmel/Studio/7.0/Packs/atmel/XMEGAE_DFP/1.2.51/gcc/dev/atxmega16e5/avrxmega2\libatxmega16e5.a(eerd_block.o)
 .debug_abbrev  0x00001efa       0x14 C:/Program Files (x86)/Atmel/Studio/7.0/Packs/atmel/XMEGAE_DFP/1.2.51/gcc/dev/atxmega16e5/avrxmega2\libatxmega16e5.a(eeupd_block.o)
 .debug_abbrev  0x00001f0e       0x14 C:/Program Files (x86)/Atmel/Studio/7.0/Packs/atmel/XMEGAE_DFP/1.2.51/gcc/dev/atxmega16e5/avrxmega2\libatxmega16e5.a(eeupd_byte.o)
 .debug_abbrev  0x00001f22       0x14 C:/Program Files (x86)/Atmel/Studio/7.0/Packs/atmel/XMEGAE_DFP/1.2.51/gcc/dev/atxmega16e5/avrxmega2\libatxmega16e5.a(eewr_byte.o)
 .debug_abbrev  0x00001f36       0x14 C:/Program Files (x86)/Atmel/Studio/7.0/Packs/atmel/XMEGAE_DFP/1.2.51/gcc/dev/atxmega16e5/avrxmega2\libatxmega16e5.a(eerd_byte.o)

.debug_line     0x00000000      0xeb5
 *(.debug_line .debug_line.* .debug_line_end)
 .debug_line    0x00000000      0x199 C:/Program Files (x86)/Atmel/Studio/7.0/Packs/atmel/XMEGAE_DFP/1.2.51/gcc/dev/atxmega16e5/avrxmega2/crtatxmega16e5.o
 .debug_line    0x00000199      0xa54 main.o
 .debug_line    0x00000bed       0x5d C:/Program Files (x86)/Atmel/Studio/7.0/Packs/atmel/XMEGAE_DFP/1.2.51/gcc/dev/atxmega16e5/avrxmega2\libatxmega16e5.a(eerd_block.o)
 .debug_line    0x00000c4a       0xa5 C:/Program Files (x86)/Atmel/Studio/7.0/Packs/atmel/XMEGAE_DFP/1.2.51/gcc/dev/atxmega16e5/avrxmega2\libatxmega16e5.a(eeupd_block.o)
 .debug_line    0x00000cef       0x80 C:/Program Files (x86)/Atmel/Studio/7.0/Packs/atmel/XMEGAE_DFP/1.2.51/gcc/dev/atxmega16e5/avrxmega2\libatxmega16e5.a(eeupd_byte.o)
 .debug_line    0x00000d6f       0xcd C:/Program Files (x86)/Atmel/Studio/7.0/Packs/atmel/XMEGAE_DFP/1.2.51/gcc/dev/atxmega16e5/avrxmega2\libatxmega16e5.a(eewr_byte.o)
 .debug_line    0x00000e3c       0x79 C:/Program Files (x86)/Atmel/Studio/7.0/Packs/atmel/XMEGAE_DFP/1.2.51/gcc/dev/atxmega16e5/avrxmega2\libatxmega16e5.a(eerd_byte.o)

.debug_frame    0x00000000      0x280
 *(.debug_frame)
 .debug_frame   0x00000000      0x280 main.o

.debug_str      0x00000000     0x34fa
 *(.debug_str)
 .debug_str     0x00000000     0x1277 C:/Program Files (x86)/Atmel/Studio/7.0/Packs/atmel/XMEGAE_DFP/1.2.51/gcc/dev/atxmega16e5/avrxmega2/crtatxmega16e5.o
 .debug_str     0x00001277     0x2283 main.o
                               0x232d (size before relaxing)

.debug_loc      0x00000000      0xf9d
 *(.debug_loc)
 .debug_loc     0x00000000      0xf9d main.o

.debug_macinfo
 *(.debug_macinfo)

.debug_weaknames
 *(.debug_weaknames)

.debug_funcnames
 *(.debug_funcnames)

.debug_typenames
 *(.debug_typenames)

.debug_varnames
 *(.debug_varnames)

.debug_pubtypes
 *(.debug_pubtypes)

.debug_ranges   0x00000000      0x188
 *(.debug_ranges)
 .debug_ranges  0x00000000      0x188 main.o

.debug_macro
 *(.debug_macro)
OUTPUT(Controller.elf elf32-avr)
LOAD linker stubs
